
Map of Debug\ds3231_i2c.sm8 from link file Debug\ds3231_i2c.lkf - Thu Feb 27 12:08:42 2020


                               --------
                               Segments
                               --------

start 00008080 end 000080ca length    74 segment .const
start 000080e3 end 00009d09 length  7206 segment .text
start 00004000 end 00004000 length     0 segment .eeprom
start 00000000 end 00000011 length    17 segment .bsct, initialized
start 000080d2 end 000080e3 length    17 segment .bsct, from
start 00000011 end 00000053 length    66 segment .ubsct
start 00000053 end 00000053 length     0 segment .bit
start 00000053 end 00000053 length     0 segment .share
start 00000100 end 00000100 length     0 segment .data
start 00000100 end 00000100 length     0 segment .bss
start 00000000 end 000005fc length  1532 segment .info.
start 00000000 end 00004b6b length 19307 segment .debug
start 00008000 end 00008080 length   128 segment .const
start 000080ca end 000080d2 length     8 segment .init


                               -------
                               Modules
                               -------

D:\Program Files\COSMIC\FSE_Compilers\CXSTM8\lib\crtsi0.sm8:
start 000080e3 end 00008133 length    80 section .text
start 00000100 end 00000100 length     0 section .bss
start 00000011 end 00000011 length     0 section .ubsct
start 00000000 end 00000034 length    52 section .info.

Debug\main.o:
start 00008133 end 000091b3 length  4224 section .text
start 00000000 end 00000011 length    17 section .bsct
start 00000011 end 00000049 length    56 section .ubsct
start 00000000 end 000013e6 length  5094 section .debug
start 00000034 end 000000a0 length   108 section .info.
start 00008080 end 000080b6 length    54 section .const

Debug\stm8s_clk.o:
start 000091b3 end 00009537 length   900 section .text
start 000013e6 end 00002a55 length  5743 section .debug
start 000000a0 end 00000111 length   113 section .info.
start 000080b6 end 000080c2 length    12 section .const

Debug\stm8s_gpio.o:
start 00009537 end 000095e9 length   178 section .text
start 00002a55 end 0000345f length  2570 section .debug
start 00000111 end 00000183 length   114 section .info.

Debug\stm8s_i2c.o:
start 000095e9 end 00009928 length   831 section .text
start 0000345f end 00004a00 length  5537 section .debug
start 00000183 end 000001f4 length   113 section .info.
start 000080c2 end 000080ca length     8 section .const

(D:\Program Files\COSMIC\FSE_Compilers\CXSTM8\lib\libm0.sm8)fmul.o:
start 00009928 end 000099fd length   213 section .text
start 000001f4 end 00000223 length    47 section .info.

(D:\Program Files\COSMIC\FSE_Compilers\CXSTM8\lib\libm0.sm8)ftol.o:
start 000099fd end 00009a5f length    98 section .text
start 00000223 end 00000252 length    47 section .info.

(D:\Program Files\COSMIC\FSE_Compilers\CXSTM8\lib\libm0.sm8)idiv.o:
start 00009a5f end 00009a7d length    30 section .text
start 00000252 end 00000281 length    47 section .info.

(D:\Program Files\COSMIC\FSE_Compilers\CXSTM8\lib\libm0.sm8)lcmp.o:
start 00009a7d end 00009a9d length    32 section .text
start 00000281 end 000002b0 length    47 section .info.

(D:\Program Files\COSMIC\FSE_Compilers\CXSTM8\lib\libm0.sm8)lmul.o:
start 00009a9d end 00009b28 length   139 section .text
start 000002b0 end 000002df length    47 section .info.

(D:\Program Files\COSMIC\FSE_Compilers\CXSTM8\lib\libm0.sm8)lreg.o:
start 00000049 end 0000004d length     4 section .ubsct
start 000002df end 0000030e length    47 section .info.

(D:\Program Files\COSMIC\FSE_Compilers\CXSTM8\lib\libm0.sm8)ltor.o:
start 00009b28 end 00009b3a length    18 section .text
start 0000030e end 0000033d length    47 section .info.

(D:\Program Files\COSMIC\FSE_Compilers\CXSTM8\lib\libm0.sm8)ludiv.o:
start 00009b3a end 00009b4e length    20 section .text
start 0000033d end 0000036d length    48 section .info.

(D:\Program Files\COSMIC\FSE_Compilers\CXSTM8\lib\libm0.sm8)ldiv.o:
start 00009b4e end 00009c39 length   235 section .text
start 0000036d end 0000039c length    47 section .info.

(D:\Program Files\COSMIC\FSE_Compilers\CXSTM8\lib\libm0.sm8)lgneg.o:
start 00009c39 end 00009c4c length    19 section .text
start 0000039c end 000003cc length    48 section .info.

(D:\Program Files\COSMIC\FSE_Compilers\CXSTM8\lib\libm0.sm8)lneg.o:
start 00009c4c end 00009c61 length    21 section .text
start 000003cc end 000003fb length    47 section .info.

(D:\Program Files\COSMIC\FSE_Compilers\CXSTM8\lib\libm0.sm8)rtol.o:
start 00009c61 end 00009c73 length    18 section .text
start 000003fb end 0000042a length    47 section .info.

(D:\Program Files\COSMIC\FSE_Compilers\CXSTM8\lib\libm0.sm8)sdivx.o:
start 00009c73 end 00009c9e length    43 section .text
start 0000042a end 0000045a length    48 section .info.

(D:\Program Files\COSMIC\FSE_Compilers\CXSTM8\lib\libm0.sm8)smul.o:
start 00009c9e end 00009cdd length    63 section .text
start 0000045a end 00000489 length    47 section .info.

(D:\Program Files\COSMIC\FSE_Compilers\CXSTM8\lib\libm0.sm8)uitof.o:
start 00009cdd end 00009d01 length    36 section .text
start 00000489 end 000004b9 length    48 section .info.

(D:\Program Files\COSMIC\FSE_Compilers\CXSTM8\lib\libm0.sm8)utolx.o:
start 00009d01 end 00009d08 length     7 section .text
start 000004b9 end 000004e9 length    48 section .info.

(D:\Program Files\COSMIC\FSE_Compilers\CXSTM8\lib\libm0.sm8)xreg.o:
start 0000004d end 00000050 length     3 section .ubsct
start 000004e9 end 00000518 length    47 section .info.

(D:\Program Files\COSMIC\FSE_Compilers\CXSTM8\lib\libm0.sm8)yreg.o:
start 00000050 end 00000053 length     3 section .ubsct
start 00000518 end 00000547 length    47 section .info.

Debug\stm8_interrupt_vector.o:
start 00009d08 end 00009d09 length     1 section .text
start 00004a00 end 00004b6b length   363 section .debug
start 00000547 end 000005c4 length   125 section .info.
start 00008000 end 00008080 length   128 section .const


                             -----------
                             Stack usage
                             -----------

Debug\main.o:
_CLOCK_setup                        12   (2)
_DS3231_GetDateFull                  4   (4)
_DS3231_GetTemp                      9   (6)
_DS3231_GetTimeFull                  4   (4)
_DS3231_Init                        14   (4)
_DS3231_ReadAll                     16   (6)
_DS3231_SetDate                     19   (9)
_DS3231_SetTime                     17   (7)
_GPIO_setup                          8   (2)
_I2C_setup                          37   (2)
_LCD_4bit_send                      19   (3)
_LCD_GPIO_init                      16   (2)
_LCD_clear_home                     25   (2)
_LCD_goto                           27   (4)
_LCD_init                           25   (2)
_LCD_putchar                    >   25   (2)
_LCD_putint8                    >   33   (6)
_LCD_putstr                         27   (4)
_LCD_send                           23   (4)
_bcd2dec                             4   (4)
_dec2bcd                             4   (4)
_delay_ms                           14   (4)
_delay_us                           10   (4)
_main                           >   39   (2)
_toggle_EN_pin                      16   (2)
_toggle_io                          11   (6)
_uint8_to_string                     6   (6)
_uint_to_string                 >    7   (7)

Debug\stm8_interrupt_vector.o:
f_NonHandledInterrupt           >    6   (6)

Debug\stm8s_clk.o:
_CLK_AdjustHSICalibrationValue  >    3   (3)
_CLK_CCOCmd                     >    2   (2)
_CLK_CCOConfig                  >    3   (3)
_CLK_ClearITPendingBit          >    2   (2)
_CLK_ClockSecuritySystemEnable  >    2   (2)
_CLK_ClockSwitchCmd                  2   (2)
_CLK_ClockSwitchConfig              10   (10)
_CLK_DeInit                          2   (2)
_CLK_FastHaltWakeUpCmd          >    2   (2)
_CLK_GetClockFreq                   25   (11)
_CLK_GetFlagStatus                   7   (7)
_CLK_GetITStatus                >    4   (4)
_CLK_GetSYSCLKSource            >    2   (2)
_CLK_HSECmd                          2   (2)
_CLK_HSICmd                          2   (2)
_CLK_HSIPrescalerConfig              3   (3)
_CLK_ITConfig                   >    4   (4)
_CLK_LSICmd                          2   (2)
_CLK_PeripheralClockConfig           4   (4)
_CLK_SWIMConfig                 >    2   (2)
_CLK_SYSCLKConfig                    3   (3)
_CLK_SYSCLKEmergencyClear       >    2   (2)
_CLK_SlowActiveHaltWakeUpCmd    >    2   (2)

Debug\stm8s_gpio.o:
_GPIO_DeInit                         2   (2)
_GPIO_ExternalPullUpConfig      >    6   (6)
_GPIO_Init                           6   (6)
_GPIO_ReadInputData             >    2   (2)
_GPIO_ReadInputPin                   5   (5)
_GPIO_ReadOutputData            >    2   (2)
_GPIO_Write                     >    5   (5)
_GPIO_WriteHigh                      5   (5)
_GPIO_WriteLow                       5   (5)
_GPIO_WriteReverse                   5   (5)

Debug\stm8s_i2c.o:
_I2C_AcknowledgeConfig               3   (3)
_I2C_CheckEvent                     10   (10)
_I2C_ClearFlag                  >    4   (4)
_I2C_ClearITPendingBit          >    4   (4)
_I2C_Cmd                             2   (2)
_I2C_DeInit                          2   (2)
_I2C_FastModeDutyCycleConfig    >    2   (2)
_I2C_GeneralCallCmd             >    2   (2)
_I2C_GenerateSTART                   2   (2)
_I2C_GenerateSTOP                    2   (2)
_I2C_GetFlagStatus                   6   (6)
_I2C_GetITStatus                >    8   (8)
_I2C_GetLastEvent               >    8   (8)
_I2C_ITConfig                   >    4   (4)
_I2C_Init                           35   (21)
_I2C_ReceiveData                     2   (2)
_I2C_Send7bitAddress                 4   (4)
_I2C_SendData                        2   (2)
_I2C_SoftwareResetCmd           >    2   (2)
_I2C_StretchClockCmd            >    2   (2)

Stack size: 45


                              ---------
                              Call tree
                              ---------
   1 > _CLK_AdjustHSICalibrationValue: (3)

   2 > _CLK_CCOCmd: (2)

   3 > _CLK_CCOConfig: (3)

   4 > _CLK_ClearITPendingBit: (2)

   5 > _CLK_ClockSecuritySystemEnable: (2)

   6 > _CLK_FastHaltWakeUpCmd: (2)

   7 > _CLK_GetITStatus: (4)

   8 > _CLK_GetSYSCLKSource: (2)

   9 > _CLK_ITConfig: (4)

  10 > _CLK_SWIMConfig: (2)

  11 > _CLK_SYSCLKEmergencyClear: (2)

  12 > _CLK_SlowActiveHaltWakeUpCmd: (2)

  13 > _GPIO_ExternalPullUpConfig: (6)

  14 > _GPIO_ReadInputData: (2)

  15 > _GPIO_ReadOutputData: (2)

  16 > _GPIO_Write: (5)

  17 > _I2C_ClearFlag: (4)

  18 > _I2C_ClearITPendingBit: (4)

  19 > _I2C_FastModeDutyCycleConfig: (2)

  20 > _I2C_GeneralCallCmd: (2)

  21 > _I2C_GetITStatus: (8)

  22 > _I2C_GetLastEvent: (8)

  23 > _I2C_ITConfig: (4)

  24 > _I2C_SoftwareResetCmd: (2)

  25 > _I2C_StretchClockCmd: (2)

  26 > _LCD_putchar: (2)
  27      + _LCD_send: (4)
  28      |    + _GPIO_WriteHigh: (5)
  29      |    + _GPIO_WriteLow: (5)
  30      |    + _LCD_4bit_send: (3)
  31      |    |    + _toggle_EN_pin: (2)
  32      |    |    |    + _GPIO_WriteHigh --> 28
  33      |    |    |    + _GPIO_WriteLow --> 29
  34      |    |    |    + _delay_ms: (4)
  35      |    |    |    |    + _delay_us: (4)
          |    |    |    | 
          |    |    | 
  36      |    |    + _toggle_io: (6)
  37      |    |    |    + _GPIO_WriteHigh --> 28
  38      |    |    |    + _GPIO_WriteLow --> 29
          |    |    | 
          |    | 
          | 
       
  39 > _LCD_putint8: (6)
  40      + _LCD_putstr: (4)
  41      |    + _LCD_send --> 27
          | 
  42      + _uint8_to_string: (6)
       
  43 > __stext: (0)

  44 > _main: (2)
  45      + _CLOCK_setup: (2)
  46      |    + _CLK_ClockSwitchCmd: (2)
  47      |    + _CLK_ClockSwitchConfig: (10)
  48      |    + _CLK_DeInit: (2)
  49      |    + _CLK_GetFlagStatus: (7)
  50      |    + _CLK_HSECmd: (2)
  51      |    + _CLK_HSICmd: (2)
  52      |    + _CLK_HSIPrescalerConfig: (3)
  53      |    + _CLK_LSICmd: (2)
  54      |    + _CLK_PeripheralClockConfig: (4)
  55      |    + _CLK_SYSCLKConfig: (3)
          | 
  56      + _DS3231_GetDateFull: (4)
  57      + _DS3231_GetTemp: (6)
  58      + _DS3231_GetTimeFull: (4)
  59      + _DS3231_Init: (4)
  60      |    + _I2C_AcknowledgeConfig: (3)
  61      |    + _I2C_CheckEvent: (10)
  62      |    + _I2C_GenerateSTART: (2)
  63      |    + _I2C_GenerateSTOP: (2)
  64      |    + _I2C_GetFlagStatus: (6)
  65      |    + _I2C_Send7bitAddress: (4)
  66      |    + _I2C_SendData: (2)
          | 
  67      + _DS3231_ReadAll: (6)
  68      |    + _I2C_AcknowledgeConfig --> 60
  69      |    + _I2C_CheckEvent --> 61
  70      |    + _I2C_GenerateSTART --> 62
  71      |    + _I2C_GenerateSTOP --> 63
  72      |    + _I2C_GetFlagStatus --> 64
  73      |    + _I2C_ReceiveData: (2)
  74      |    + _I2C_Send7bitAddress --> 65
  75      |    + _I2C_SendData --> 66
  76      |    + _bcd2dec: (4)
          | 
  77      + _DS3231_SetDate: (9)
  78      |    + _I2C_AcknowledgeConfig --> 60
  79      |    + _I2C_CheckEvent --> 61
  80      |    + _I2C_GenerateSTART --> 62
  81      |    + _I2C_GenerateSTOP --> 63
  82      |    + _I2C_GetFlagStatus --> 64
  83      |    + _I2C_Send7bitAddress --> 65
  84      |    + _I2C_SendData --> 66
  85      |    + _dec2bcd: (4)
          | 
  86      + _DS3231_SetTime: (7)
  87      |    + _I2C_AcknowledgeConfig --> 60
  88      |    + _I2C_CheckEvent --> 61
  89      |    + _I2C_GenerateSTART --> 62
  90      |    + _I2C_GenerateSTOP --> 63
  91      |    + _I2C_GetFlagStatus --> 64
  92      |    + _I2C_Send7bitAddress --> 65
  93      |    + _I2C_SendData --> 66
  94      |    + _dec2bcd --> 85
          | 
  95      + _GPIO_ReadInputPin: (5)
  96      + _GPIO_WriteHigh --> 28
  97      + _GPIO_WriteLow --> 29
  98      + _GPIO_WriteReverse: (5)
  99      + _GPIO_setup: (2)
 100      |    + _GPIO_DeInit: (2)
 101      |    + _GPIO_Init: (6)
          | 
 102      + _I2C_setup: (2)
 103      |    + _CLK_GetClockFreq: (11)
 104      |    + _I2C_Cmd: (2)
 105      |    + _I2C_DeInit: (2)
 106      |    + _I2C_Init: (21)
 107      |    |    + _I2C_AcknowledgeConfig --> 60
          |    | 
          | 
 108      + _LCD_clear_home: (2)
 109      |    + _LCD_send --> 27
          | 
 110      + _LCD_goto: (4)
 111      |    + _LCD_send --> 27
          | 
 112      + _LCD_init: (2)
 113      |    + _GPIO_WriteHigh --> 28
 114      |    + _GPIO_WriteLow --> 29
 115      |    + _LCD_GPIO_init: (2)
 116      |    |    + _GPIO_Init --> 101
 117      |    |    + _GPIO_WriteLow --> 29
 118      |    |    + _delay_ms --> 34
          |    | 
 119      |    + _LCD_send --> 27
 120      |    + _toggle_EN_pin --> 31
          | 
 121      + _LCD_putstr --> 40
 122      + _delay_ms --> 34
 123      + _delay_us --> 35
       
 124 > _uint_to_string: (7)

 125 > f_NonHandledInterrupt: (6)

 126   _CLK_ClockSwitchCmd --> 46

 127   _CLK_ClockSwitchConfig --> 47

 128   _CLK_DeInit --> 48

 129   _CLK_GetClockFreq --> 103

 130   _CLK_GetFlagStatus --> 49

 131   _CLK_HSECmd --> 50

 132   _CLK_HSICmd --> 51

 133   _CLK_HSIPrescalerConfig --> 52

 134   _CLK_LSICmd --> 53

 135   _CLK_PeripheralClockConfig --> 54

 136   _CLK_SYSCLKConfig --> 55

 137   _CLOCK_setup --> 45

 138   _DS3231_GetDateFull --> 56

 139   _DS3231_GetTemp --> 57

 140   _DS3231_GetTimeFull --> 58

 141   _DS3231_Init --> 59

 142   _DS3231_ReadAll --> 67

 143   _DS3231_SetDate --> 77

 144   _DS3231_SetTime --> 86

 145   _GPIO_DeInit --> 100

 146   _GPIO_Init --> 101

 147   _GPIO_ReadInputPin --> 95

 148   _GPIO_WriteHigh --> 28

 149   _GPIO_WriteLow --> 29

 150   _GPIO_WriteReverse --> 98

 151   _GPIO_setup --> 99

 152   _I2C_AcknowledgeConfig --> 60

 153   _I2C_CheckEvent --> 61

 154   _I2C_Cmd --> 104

 155   _I2C_DeInit --> 105

 156   _I2C_GenerateSTART --> 62

 157   _I2C_GenerateSTOP --> 63

 158   _I2C_GetFlagStatus --> 64

 159   _I2C_Init --> 106

 160   _I2C_ReceiveData --> 73

 161   _I2C_Send7bitAddress --> 65

 162   _I2C_SendData --> 66

 163   _I2C_setup --> 102

 164   _LCD_4bit_send --> 30

 165   _LCD_GPIO_init --> 115

 166   _LCD_clear_home --> 108

 167   _LCD_goto --> 110

 168   _LCD_init --> 112

 169   _LCD_putstr --> 40

 170   _LCD_send --> 27

 171   _bcd2dec --> 76

 172   _dec2bcd --> 85

 173   _delay_ms --> 34

 174   _delay_us --> 35

 175   _toggle_EN_pin --> 31

 176   _toggle_io --> 36

 177   _uint8_to_string --> 42



                               -------
                               Symbols
                               -------

_CLKPrescTable                   000080ba   defined in Debug\stm8s_clk.o section .const
_CLK_AdjustHSICalibrationValue   0000948d   defined in Debug\stm8s_clk.o section .text
_CLK_CCOCmd                      00009223   defined in Debug\stm8s_clk.o section .text
_CLK_CCOConfig                   00009386   defined in Debug\stm8s_clk.o section .text
_CLK_ClearITPendingBit           00009528   defined in Debug\stm8s_clk.o section .text
_CLK_ClockSecuritySystemEnable   00009410   defined in Debug\stm8s_clk.o section .text
_CLK_ClockSwitchCmd              00009231   defined in Debug\stm8s_clk.o section .text
                                            used in Debug\main.o
_CLK_ClockSwitchConfig           000092b9   defined in Debug\stm8s_clk.o section .text
                                            used in Debug\main.o
_CLK_DeInit                      000091b3   defined in Debug\stm8s_clk.o section .text
                                            used in Debug\main.o
_CLK_FastHaltWakeUpCmd           000091eb   defined in Debug\stm8s_clk.o section .text
_CLK_GetClockFreq                00009419   defined in Debug\stm8s_clk.o section .text
                                            used in Debug\main.o
_CLK_GetFlagStatus               0000949f   defined in Debug\stm8s_clk.o section .text
                                            used in Debug\main.o
_CLK_GetITStatus                 000094fc   defined in Debug\stm8s_clk.o section .text
_CLK_GetSYSCLKSource             00009415   defined in Debug\stm8s_clk.o section .text
_CLK_HSECmd                      000091f9   defined in Debug\stm8s_clk.o section .text
                                            used in Debug\main.o
_CLK_HSICmd                      00009207   defined in Debug\stm8s_clk.o section .text
                                            used in Debug\main.o
_CLK_HSIPrescalerConfig          00009373   defined in Debug\stm8s_clk.o section .text
                                            used in Debug\main.o
_CLK_ITConfig                    0000939d   defined in Debug\stm8s_clk.o section .text
_CLK_LSICmd                      00009215   defined in Debug\stm8s_clk.o section .text
                                            used in Debug\main.o
_CLK_PeripheralClockConfig       0000924d   defined in Debug\stm8s_clk.o section .text
                                            used in Debug\main.o
_CLK_SWIMConfig                  00009402   defined in Debug\stm8s_clk.o section .text
_CLK_SYSCLKConfig                000093d5   defined in Debug\stm8s_clk.o section .text
                                            used in Debug\main.o
_CLK_SYSCLKEmergencyClear        0000949a   defined in Debug\stm8s_clk.o section .text
_CLK_SlowActiveHaltWakeUpCmd     0000923f   defined in Debug\stm8s_clk.o section .text
_CLOCK_setup                     00009124   defined in Debug\main.o section .text
_DS3231_GetDateFull              00008b9e   defined in Debug\main.o section .text
_DS3231_GetTemp                  00008b1a   defined in Debug\main.o section .text
_DS3231_GetTimeFull              00008a8b   defined in Debug\main.o section .text
_DS3231_Init                     000084b2   defined in Debug\main.o section .text
_DS3231_ReadAll                  00008597   defined in Debug\main.o section .text
_DS3231_SetDate                  00008931   defined in Debug\main.o section .text
_DS3231_SetTime                  000087e1   defined in Debug\main.o section .text
_GPIO_DeInit                     00009537   defined in Debug\stm8s_gpio.o section .text
                                            used in Debug\main.o
_GPIO_ExternalPullUpConfig       000095d1   defined in Debug\stm8s_gpio.o section .text
_GPIO_Init                       0000953f   defined in Debug\stm8s_gpio.o section .text
                                            used in Debug\main.o
_GPIO_ReadInputData              000095c7   defined in Debug\stm8s_gpio.o section .text
_GPIO_ReadInputPin               000095ca   defined in Debug\stm8s_gpio.o section .text
                                            used in Debug\main.o
_GPIO_ReadOutputData             000095c5   defined in Debug\stm8s_gpio.o section .text
_GPIO_Write                      000095a7   defined in Debug\stm8s_gpio.o section .text
_GPIO_WriteHigh                  000095af   defined in Debug\stm8s_gpio.o section .text
                                            used in Debug\main.o
_GPIO_WriteLow                   000095b6   defined in Debug\stm8s_gpio.o section .text
                                            used in Debug\main.o
_GPIO_WriteReverse               000095be   defined in Debug\stm8s_gpio.o section .text
                                            used in Debug\main.o
_GPIO_setup                      000090ca   defined in Debug\main.o section .text
_HSIDivFactor                    000080b6   defined in Debug\stm8s_clk.o section .const
_I2C_AcknowledgeConfig           00009798   defined in Debug\stm8s_i2c.o section .text
                                            used in Debug\main.o
_I2C_CheckEvent                  000097f8   defined in Debug\stm8s_i2c.o section .text
                                            used in Debug\main.o
_I2C_ClearFlag                   000098b6   defined in Debug\stm8s_i2c.o section .text
_I2C_ClearITPendingBit           00009917   defined in Debug\stm8s_i2c.o section .text
_I2C_Cmd                         00009744   defined in Debug\stm8s_i2c.o section .text
                                            used in Debug\main.o
_I2C_DeInit                      000095e9   defined in Debug\stm8s_i2c.o section .text
                                            used in Debug\main.o
_I2C_FastModeDutyCycleConfig     000097d1   defined in Debug\stm8s_i2c.o section .text
_I2C_GeneralCallCmd              00009752   defined in Debug\stm8s_i2c.o section .text
_I2C_GenerateSTART               00009760   defined in Debug\stm8s_i2c.o section .text
                                            used in Debug\main.o
_I2C_GenerateSTOP                0000976e   defined in Debug\stm8s_i2c.o section .text
                                            used in Debug\main.o
_I2C_GetFlagStatus               0000987c   defined in Debug\stm8s_i2c.o section .text
                                            used in Debug\main.o
_I2C_GetITStatus                 000098c7   defined in Debug\stm8s_i2c.o section .text
_I2C_GetLastEvent                00009849   defined in Debug\stm8s_i2c.o section .text
_I2C_ITConfig                    000097b8   defined in Debug\stm8s_i2c.o section .text
_I2C_Init                        0000960e   defined in Debug\stm8s_i2c.o section .text
                                            used in Debug\main.o
_I2C_ReceiveData                 000097e0   defined in Debug\stm8s_i2c.o section .text
                                            used in Debug\main.o
_I2C_Send7bitAddress             000097e4   defined in Debug\stm8s_i2c.o section .text
                                            used in Debug\main.o
_I2C_SendData                    000097f4   defined in Debug\stm8s_i2c.o section .text
                                            used in Debug\main.o
_I2C_SoftwareResetCmd            0000977c   defined in Debug\stm8s_i2c.o section .text
_I2C_StretchClockCmd             0000978a   defined in Debug\stm8s_i2c.o section .text
_I2C_setup                       00009187   defined in Debug\main.o section .text
_LCD_4bit_send                   000082aa   defined in Debug\main.o section .text
_LCD_GPIO_init                   0000816d   defined in Debug\main.o section .text
_LCD_clear_home                  0000832c   defined in Debug\main.o section .text
_LCD_goto                        00008339   defined in Debug\main.o section .text
_LCD_init                        000081c9   defined in Debug\main.o section .text
_LCD_putchar                     00008324   defined in Debug\main.o section .text
_LCD_putint8                     0000839d   defined in Debug\main.o section .text
_LCD_putstr                      0000830a   defined in Debug\main.o section .text
_LCD_send                        00008288   defined in Debug\main.o section .text
__endmem                         000005ff   defined in command file
                                            *** not used ***
__endzp                          00000053   defined in command file section .ubsct
                                            used in D:\Program Files\COSMIC\FSE_Compilers\CXSTM8\lib\crtsi0.sm8
__idesc__                        000080ca   defined in linker section .init
                                            used in D:\Program Files\COSMIC\FSE_Compilers\CXSTM8\lib\crtsi0.sm8
__memory                         00000100   defined in command file section .bss
                                            used in D:\Program Files\COSMIC\FSE_Compilers\CXSTM8\lib\crtsi0.sm8
__stack                          000007ff   defined in command file
                                            used in D:\Program Files\COSMIC\FSE_Compilers\CXSTM8\lib\crtsi0.sm8
__startmem                       00000100   defined in command file section .bss
                                            *** not used ***
__stext                          000080e3   defined in D:\Program Files\COSMIC\FSE_Compilers\CXSTM8\lib\crtsi0.sm8 section .text
                                            used in Debug\stm8_interrupt_vector.o
__vectab                         00008000   defined in Debug\stm8_interrupt_vector.o section .const
_bcd2dec                         00008c80   defined in Debug\main.o section .text
_date                            00000019   defined in Debug\main.o section .ubsct
_dec2bcd                         00008c63   defined in Debug\main.o section .text
_delay_ms                        00008158   defined in Debug\main.o section .text
_delay_us                        00008133   defined in Debug\main.o section .text
_enk_a                           00000018   defined in Debug\main.o section .ubsct
_enk_a_prev                      00000017   defined in Debug\main.o section .ubsct
_enk_b                           00000016   defined in Debug\main.o section .ubsct
_enk_b_prev                      00000015   defined in Debug\main.o section .ubsct
_enk_btn                         00000014   defined in Debug\main.o section .ubsct
_enk_btn_prev                    00000013   defined in Debug\main.o section .ubsct
_error                           00000010   defined in Debug\main.o section .bsct, initialized
_exit                            00008131   defined in D:\Program Files\COSMIC\FSE_Compilers\CXSTM8\lib\crtsi0.sm8 section .text
_i                               00000000   defined in Debug\main.o section .bsct, initialized
_incrementTime                   0000000f   defined in Debug\main.o section .bsct, initialized
_lcdUpdate                       00000001   defined in Debug\main.o section .bsct, initialized
_lcdUpdateTime                   00000011   defined in Debug\main.o section .ubsct
_main                            00008c94   defined in Debug\main.o section .text
                                            used in D:\Program Files\COSMIC\FSE_Compilers\CXSTM8\lib\crtsi0.sm8
_setIndex                        00000006   defined in Debug\main.o section .bsct, initialized
_setNewVal                       00000007   defined in Debug\main.o section .bsct, initialized
_setTime                         00000003   defined in Debug\main.o section .bsct, initialized
_setTimeBlink                    00000009   defined in Debug\main.o section .bsct, initialized
_setTimeBlinkB                   0000000b   defined in Debug\main.o section .bsct, initialized
_setTimeIncrement                0000000d   defined in Debug\main.o section .bsct, initialized
_setTimeIncrementing             0000000e   defined in Debug\main.o section .bsct, initialized
_setTimeNext                     00000008   defined in Debug\main.o section .bsct, initialized
_setTimeUpdateLCD                0000000c   defined in Debug\main.o section .bsct, initialized
_settingTime                     00000005   defined in Debug\main.o section .bsct, initialized
_temp                            00000024   defined in Debug\main.o section .ubsct
_time                            0000002b   defined in Debug\main.o section .ubsct
_toggle_EN_pin                   00008353   defined in Debug\main.o section .text
_toggle_io                       0000836c   defined in Debug\main.o section .text
_uint8_to_string                 000083b1   defined in Debug\main.o section .text
_uint_to_string                  00008421   defined in Debug\main.o section .text
c_divsl                          00009b4e   defined in (D:\Program Files\COSMIC\FSE_Compilers\CXSTM8\lib\libm0.sm8)ldiv.o section .text
                                            *** not used ***
c_divul                          00009b65   defined in (D:\Program Files\COSMIC\FSE_Compilers\CXSTM8\lib\libm0.sm8)ldiv.o section .text
                                            used in (D:\Program Files\COSMIC\FSE_Compilers\CXSTM8\lib\libm0.sm8)ludiv.o
c_fmul                           00009928   defined in (D:\Program Files\COSMIC\FSE_Compilers\CXSTM8\lib\libm0.sm8)fmul.o section .text
                                            used in Debug\main.o
c_ftoi                           000099fd   defined in (D:\Program Files\COSMIC\FSE_Compilers\CXSTM8\lib\libm0.sm8)ftol.o section .text
                                            used in Debug\main.o
c_ftol                           00009a03   defined in (D:\Program Files\COSMIC\FSE_Compilers\CXSTM8\lib\libm0.sm8)ftol.o section .text
c_idiv                           00009a5f   defined in (D:\Program Files\COSMIC\FSE_Compilers\CXSTM8\lib\libm0.sm8)idiv.o section .text
                                            used in Debug\main.o
c_lcmp                           00009a7d   defined in (D:\Program Files\COSMIC\FSE_Compilers\CXSTM8\lib\libm0.sm8)lcmp.o section .text
                                            used in Debug\main.o
                                                    Debug\stm8s_i2c.o
c_lgneg                          00009c39   defined in (D:\Program Files\COSMIC\FSE_Compilers\CXSTM8\lib\libm0.sm8)lgneg.o section .text
                                            used in (D:\Program Files\COSMIC\FSE_Compilers\CXSTM8\lib\libm0.sm8)ldiv.o
c_lmul                           00009a9d   defined in (D:\Program Files\COSMIC\FSE_Compilers\CXSTM8\lib\libm0.sm8)lmul.o section .text
                                            used in Debug\stm8s_i2c.o
c_lmulc                          00009aa5   defined in (D:\Program Files\COSMIC\FSE_Compilers\CXSTM8\lib\libm0.sm8)lmul.o section .text
                                            *** not used ***
c_lneg                           00009c4c   defined in (D:\Program Files\COSMIC\FSE_Compilers\CXSTM8\lib\libm0.sm8)lneg.o section .text
                                            used in (D:\Program Files\COSMIC\FSE_Compilers\CXSTM8\lib\libm0.sm8)ldiv.o
c_lreg                           00000049   defined in (D:\Program Files\COSMIC\FSE_Compilers\CXSTM8\lib\libm0.sm8)lreg.o section .ubsct
                                            used in Debug\main.o
                                                    Debug\stm8s_clk.o
                                                    Debug\stm8s_i2c.o
                                                    (D:\Program Files\COSMIC\FSE_Compilers\CXSTM8\lib\libm0.sm8)fmul.o
                                                    (D:\Program Files\COSMIC\FSE_Compilers\CXSTM8\lib\libm0.sm8)ftol.o
                                                    (D:\Program Files\COSMIC\FSE_Compilers\CXSTM8\lib\libm0.sm8)lcmp.o
                                                    (D:\Program Files\COSMIC\FSE_Compilers\CXSTM8\lib\libm0.sm8)lmul.o
                                                    (D:\Program Files\COSMIC\FSE_Compilers\CXSTM8\lib\libm0.sm8)ltor.o
                                                    (D:\Program Files\COSMIC\FSE_Compilers\CXSTM8\lib\libm0.sm8)ldiv.o
                                                    (D:\Program Files\COSMIC\FSE_Compilers\CXSTM8\lib\libm0.sm8)lneg.o
                                                    (D:\Program Files\COSMIC\FSE_Compilers\CXSTM8\lib\libm0.sm8)rtol.o
                                                    (D:\Program Files\COSMIC\FSE_Compilers\CXSTM8\lib\libm0.sm8)smul.o
                                                    (D:\Program Files\COSMIC\FSE_Compilers\CXSTM8\lib\libm0.sm8)uitof.o
                                                    (D:\Program Files\COSMIC\FSE_Compilers\CXSTM8\lib\libm0.sm8)utolx.o
c_ltor                           00009b28   defined in (D:\Program Files\COSMIC\FSE_Compilers\CXSTM8\lib\libm0.sm8)ltor.o section .text
                                            used in Debug\stm8s_clk.o
                                                    Debug\stm8s_i2c.o
c_ludv                           00009b3a   defined in (D:\Program Files\COSMIC\FSE_Compilers\CXSTM8\lib\libm0.sm8)ludiv.o section .text
                                            used in Debug\main.o
                                                    Debug\stm8s_clk.o
                                                    Debug\stm8s_i2c.o
c_okmul                          00009936   defined in (D:\Program Files\COSMIC\FSE_Compilers\CXSTM8\lib\libm0.sm8)fmul.o section .text
                                            *** not used ***
c_rtol                           00009c61   defined in (D:\Program Files\COSMIC\FSE_Compilers\CXSTM8\lib\libm0.sm8)rtol.o section .text
                                            used in Debug\stm8s_clk.o
                                                    Debug\stm8s_i2c.o
c_sdivx                          00009c79   defined in (D:\Program Files\COSMIC\FSE_Compilers\CXSTM8\lib\libm0.sm8)sdivx.o section .text
                                            used in Debug\stm8s_i2c.o
c_smodx                          00009c73   defined in (D:\Program Files\COSMIC\FSE_Compilers\CXSTM8\lib\libm0.sm8)sdivx.o section .text
                                            used in Debug\main.o
c_smul                           00009c9e   defined in (D:\Program Files\COSMIC\FSE_Compilers\CXSTM8\lib\libm0.sm8)smul.o section .text
                                            used in Debug\stm8s_i2c.o
c_uitof                          00009cdd   defined in (D:\Program Files\COSMIC\FSE_Compilers\CXSTM8\lib\libm0.sm8)uitof.o section .text
                                            used in Debug\main.o
c_uitolx                         00009d01   defined in (D:\Program Files\COSMIC\FSE_Compilers\CXSTM8\lib\libm0.sm8)utolx.o section .text
                                            used in Debug\main.o
c_x                              0000004d   defined in (D:\Program Files\COSMIC\FSE_Compilers\CXSTM8\lib\libm0.sm8)xreg.o section .ubsct
                                            used in D:\Program Files\COSMIC\FSE_Compilers\CXSTM8\lib\crtsi0.sm8
                                                    (D:\Program Files\COSMIC\FSE_Compilers\CXSTM8\lib\libm0.sm8)fmul.o
                                                    (D:\Program Files\COSMIC\FSE_Compilers\CXSTM8\lib\libm0.sm8)lmul.o
                                                    (D:\Program Files\COSMIC\FSE_Compilers\CXSTM8\lib\libm0.sm8)ldiv.o
                                                    (D:\Program Files\COSMIC\FSE_Compilers\CXSTM8\lib\libm0.sm8)sdivx.o
c_y                              00000050   defined in (D:\Program Files\COSMIC\FSE_Compilers\CXSTM8\lib\libm0.sm8)yreg.o section .ubsct
                                            used in D:\Program Files\COSMIC\FSE_Compilers\CXSTM8\lib\crtsi0.sm8
                                                    Debug\main.o
f_NonHandledInterrupt            00009d08   defined in Debug\stm8_interrupt_vector.o section .text
